<html>
    <body>
    </body>
    <li>
    </li>
    <li>
    </li>
</html>